Rescrape set to: false
=== Processing season 2010 ===
ℹ === NHL Raw Scraper started ===

── Processing 2009-10 season ───────────────────────────────────────────────────
ℹ Fetching 2009-10 schedule
2026-05-11 16:02:10.443093: Could not fetch schedule for SEA: missing value where TRUE/FALSE needed
2026-05-11 16:02:11.70038: Could not fetch schedule for UTA: missing value where TRUE/FALSE needed
2026-05-11 16:02:12.166569: Could not fetch schedule for VGK: missing value where TRUE/FALSE needed
2026-05-11 16:02:12.276654: Could not fetch schedule for WPG: missing value where TRUE/FALSE needed
ℹ 1318 completed games in schedule
ℹ Fetching 2009-10 schedule✔ Fetched 2009-10 schedule [12.8s]

ℹ Scraping 0 games for 2009-10
✔ Scraped 0 games for 2009-10 [35ms]

ℹ Updating 2009-10 schedule with JSON links
✔ 1318 of 1318 games linked (21885 raw, 21885 final)
ℹ Updating 2009-10 schedule with JSON links✔ Updated 2009-10 schedule with JSON links [1.3s]

ℹ Building master schedule
✔ 23335 total schedule rows, 21924 with final JSON
ℹ Building master scheduleℹ === NHL Raw Scraper complete ===
ℹ Building master schedule
ℹ Building master schedule── All done! ───────────────────────────────────────────────────────────────────
ℹ Building master schedule