ℹ === NHL Raw Scraper started ===

── Processing 2016-17 season ───────────────────────────────────────────────────
ℹ Fetching 2016-17 schedule
2026-05-11 16:05:51.621723: Could not fetch schedule for SEA: missing value where TRUE/FALSE needed
2026-05-11 16:05:52.882059: Could not fetch schedule for UTA: missing value where TRUE/FALSE needed
2026-05-11 16:05:53.197895: Could not fetch schedule for VGK: missing value where TRUE/FALSE needed
Request failed [500]. Retrying in 1.7 seconds...
Request failed [500]. Retrying in 1 seconds...
2026-05-11 16:05:57.101837: Error fetching playoff series X for 20162017: The API returned an error
Request failed [500]. Retrying in 2 seconds...
Request failed [500]. Retrying in 1 seconds...
2026-05-11 16:06:00.603531: Error fetching playoff series Y for 20162017: The API returned an error
Request failed [500]. Retrying in 1 seconds...
Request failed [500]. Retrying in 1.9 seconds...
2026-05-11 16:06:04.869004: Error fetching playoff series Z for 20162017: The API returned an error
ℹ 1317 completed games in schedule
ℹ Fetching 2016-17 schedule✔ Fetched 2016-17 schedule [20.9s]

ℹ Scraping 0 games for 2016-17
✔ Scraped 0 games for 2016-17 [40ms]

ℹ Updating 2016-17 schedule with JSON links
✔ 1317 of 1317 games linked (21885 raw, 21885 final)
ℹ Updating 2016-17 schedule with JSON links✔ Updated 2016-17 schedule with JSON links [1.2s]

ℹ Building master schedule
✔ 22665 total schedule rows, 21888 with final JSON
ℹ Building master scheduleℹ === NHL Raw Scraper complete ===
ℹ Building master schedule
ℹ Building master schedule── All done! ───────────────────────────────────────────────────────────────────
ℹ Building master schedule[main 12eabe60] NHL Raw Updated (Start: 2017 End: 2017)
 33 files changed, 72 insertions(+), 27 deletions(-)
 rewrite nhl/nhl_schedule_master.parquet (70%)
 rewrite nhl/nhl_schedule_master.rds (93%)
 rewrite nhl/schedules/parquet/nhl_schedule_2017.parquet (89%)
 rewrite nhl/schedules/rds/nhl_schedule_2017.rds (99%)
To https://github.com/sportsdataverse/fastRhockey-nhl-raw.git
   d3eec22e..12eabe60  main -> main
