ℹ === NHL Raw Scraper started ===

── Processing 2022-23 season ───────────────────────────────────────────────────
ℹ Fetching 2022-23 schedule
2026-05-11 16:08:41.58581: Could not fetch schedule for UTA: missing value where TRUE/FALSE needed
ℹ 1400 completed games in schedule
ℹ Fetching 2022-23 schedule✔ Fetched 2022-23 schedule [11.1s]

ℹ Scraping 0 games for 2022-23
✔ Scraped 0 games for 2022-23 [51ms]

ℹ Updating 2022-23 schedule with JSON links
✔ 1400 of 1400 games linked (21885 raw, 21885 final)
ℹ Updating 2022-23 schedule with JSON links✔ Updated 2022-23 schedule with JSON links [1.1s]

ℹ Building master schedule
✔ 22101 total schedule rows, 21873 with final JSON
ℹ Building master scheduleℹ === NHL Raw Scraper complete ===
ℹ Building master schedule
ℹ Building master schedule── All done! ───────────────────────────────────────────────────────────────────
ℹ Building master schedule[main f6cc9ddf] NHL Raw Updated (Start: 2023 End: 2023)
 26 files changed, 54 insertions(+), 21 deletions(-)
 rewrite nhl/nhl_schedule_master.parquet (91%)
 rewrite nhl/nhl_schedule_master.rds (94%)
 rewrite nhl/schedules/parquet/nhl_schedule_2023.parquet (94%)
 rewrite nhl/schedules/rds/nhl_schedule_2023.rds (99%)
To https://github.com/sportsdataverse/fastRhockey-nhl-raw.git
   c6ce5484..f6cc9ddf  main -> main
