From https://github.com/sportsdataverse/fastRhockey-nhl-raw
 * [new branch]          feat/python-nhl-scraper -> origin/feat/python-nhl-scraper
ℹ === NHL Raw Scraper started ===

── Processing 2010-11 season ───────────────────────────────────────────────────
ℹ Fetching 2010-11 schedule
2026-07-18 17:41:44.389636: Could not fetch schedule for SEA: missing value where TRUE/FALSE needed
2026-07-18 17:41:45.303074: Could not fetch schedule for UTA: missing value where TRUE/FALSE needed
2026-07-18 17:41:45.603775: Could not fetch schedule for VGK: missing value where TRUE/FALSE needed
2026-07-18 17:41:45.74221: Could not fetch schedule for WPG: missing value where TRUE/FALSE needed
ℹ 1318 completed games in schedule
ℹ Fetching 2010-11 schedule✔ Fetched 2010-11 schedule [8.8s]

ℹ Scraping 0 games for 2010-11
✔ Scraped 0 games for 2010-11 [18ms]

ℹ Updating 2010-11 schedule with JSON links
✔ 1318 of 1318 games linked (21908 raw, 21908 final)
ℹ Updating 2010-11 schedule with JSON links✔ Updated 2010-11 schedule with JSON links [615ms]

ℹ Building master schedule
✔ 21896 total schedule rows, 21896 with final JSON
ℹ Building master scheduleℹ === NHL Raw Scraper complete ===
ℹ Building master schedule
ℹ Building master schedule── All done! ───────────────────────────────────────────────────────────────────
ℹ Building master schedule[main 84c6ca034] NHL Raw Updated (Start: 2011 End: 2011)
 4 files changed, 0 insertions(+), 0 deletions(-)
To https://github.com/sportsdataverse/fastRhockey-nhl-raw
   3328c953b..84c6ca034  main -> main
