ℹ === NHL Raw Scraper started ===

── Processing 2012-13 season ───────────────────────────────────────────────────
ℹ Fetching 2012-13 schedule
2026-07-18 17:42:44.171406: Could not fetch schedule for SEA: missing value where TRUE/FALSE needed
2026-07-18 17:42:45.090133: Could not fetch schedule for UTA: missing value where TRUE/FALSE needed
2026-07-18 17:42:45.423501: Could not fetch schedule for VGK: missing value where TRUE/FALSE needed
ℹ 806 completed games in schedule
ℹ Fetching 2012-13 schedule✔ Fetched 2012-13 schedule [9.7s]

ℹ Scraping 0 games for 2012-13
✔ Scraped 0 games for 2012-13 [19ms]

ℹ Updating 2012-13 schedule with JSON links
✔ 806 of 806 games linked (21908 raw, 21908 final)
ℹ Updating 2012-13 schedule with JSON links✔ Updated 2012-13 schedule with JSON links [1.5s]

ℹ Building master schedule
✔ 21896 total schedule rows, 21896 with final JSON
ℹ Building master scheduleℹ === NHL Raw Scraper complete ===
ℹ Building master schedule
ℹ Building master schedule── All done! ───────────────────────────────────────────────────────────────────
ℹ Building master schedule[main 18614e2c4] NHL Raw Updated (Start: 2013 End: 2013)
 4 files changed, 0 insertions(+), 0 deletions(-)
To https://github.com/sportsdataverse/fastRhockey-nhl-raw
   10a287878..18614e2c4  main -> main
