ℹ === NHL Raw Scraper started ===

── Processing 2011-12 season ───────────────────────────────────────────────────
ℹ Fetching 2011-12 schedule
2026-07-18 17:42:13.574401: Could not fetch schedule for SEA: missing value where TRUE/FALSE needed
2026-07-18 17:42:14.64248: Could not fetch schedule for UTA: missing value where TRUE/FALSE needed
2026-07-18 17:42:15.333627: Could not fetch schedule for VGK: missing value where TRUE/FALSE needed
ℹ 1316 completed games in schedule
ℹ Fetching 2011-12 schedule✔ Fetched 2011-12 schedule [12.4s]

ℹ Scraping 0 games for 2011-12
✔ Scraped 0 games for 2011-12 [83ms]

ℹ Updating 2011-12 schedule with JSON links
✔ 1316 of 1316 games linked (21908 raw, 21908 final)
ℹ Updating 2011-12 schedule with JSON links✔ Updated 2011-12 schedule with JSON links [2.7s]

ℹ Building master schedule
✔ 21896 total schedule rows, 21896 with final JSON
ℹ Building master scheduleℹ === NHL Raw Scraper complete ===
ℹ Building master schedule
ℹ Building master schedule── All done! ───────────────────────────────────────────────────────────────────
ℹ Building master schedule[main 5dd06d799] NHL Raw Updated (Start: 2012 End: 2012)
 4 files changed, 0 insertions(+), 0 deletions(-)
To https://github.com/sportsdataverse/fastRhockey-nhl-raw
   94edf83ba..5dd06d799  main -> main
