ℹ === NHL Raw Scraper started ===

── Processing 2023-24 season ───────────────────────────────────────────────────
ℹ Fetching 2023-24 schedule
2026-07-18 17:45:40.521556: Could not fetch schedule for UTA: missing value where TRUE/FALSE needed
ℹ 1400 completed games in schedule
ℹ Fetching 2023-24 schedule✔ Fetched 2023-24 schedule [12s]

ℹ Scraping 0 games for 2023-24
✔ Scraped 0 games for 2023-24 [16ms]

ℹ Updating 2023-24 schedule with JSON links
✔ 1400 of 1400 games linked (21908 raw, 21908 final)
ℹ Updating 2023-24 schedule with JSON links✔ Updated 2023-24 schedule with JSON links [591ms]

ℹ Building master schedule
✔ 21896 total schedule rows, 21896 with final JSON
ℹ Building master scheduleℹ === NHL Raw Scraper complete ===
ℹ Building master schedule
ℹ Building master schedule── All done! ───────────────────────────────────────────────────────────────────
ℹ Building master schedule[main 6ea75404f] NHL Raw Updated (Start: 2024 End: 2024)
 4 files changed, 0 insertions(+), 0 deletions(-)
To https://github.com/sportsdataverse/fastRhockey-nhl-raw
   ba00673ee..6ea75404f  main -> main
